> Task :compileJava
> Task :processResources UP-TO-DATE
> Task :classes
> Task :compileTestJava UP-TO-DATE
> Task :processTestResources UP-TO-DATE
> Task :testClasses UP-TO-DATE
OpenJDK 64-Bit Server VM warning: Sharing is only supported for boot loader classes because bootstrap classpath has been appended
> Task :test

TelegramWebhookP99IT > p99Latency_under100msAt100ParallelRequests() FAILED
    java.lang.AssertionError at TelegramWebhookP99IT.java:102

2026-06-13T18:23:11.244+03:00  INFO 1339 --- [bot-funnel-backend] [ionShutdownHook] o.s.b.w.e.tomcat.GracefulShutdown        : Commencing graceful shutdown. Waiting for active requests to complete
2026-06-13T18:23:11.246+03:00  INFO 1339 --- [bot-funnel-backend] [tomcat-shutdown] o.s.b.w.e.tomcat.GracefulShutdown        : Graceful shutdown complete
2026-06-13T18:23:11.443+03:00  INFO 1339 --- [bot-funnel-backend] [ionShutdownHook] o.s.b.w.e.tomcat.GracefulShutdown        : Commencing graceful shutdown. Waiting for active requests to complete
2026-06-13T18:23:11.445+03:00  INFO 1339 --- [bot-funnel-backend] [tomcat-shutdown] o.s.b.w.e.tomcat.GracefulShutdown        : Graceful shutdown complete
2026-06-13T18:23:11.451+03:00  INFO 1339 --- [bot-funnel-backend] [ionShutdownHook] o.s.b.w.e.tomcat.GracefulShutdown        : Commencing graceful shutdown. Waiting for active requests to complete
2026-06-13T18:23:11.453+03:00  INFO 1339 --- [bot-funnel-backend] [tomcat-shutdown] o.s.b.w.e.tomcat.GracefulShutdown        : Graceful shutdown complete
2026-06-13T18:23:11.459+03:00  INFO 1339 --- [bot-funnel-backend] [ionShutdownHook] o.s.b.w.e.tomcat.GracefulShutdown        : Commencing graceful shutdown. Waiting for active requests to complete
2026-06-13T18:23:11.460+03:00  INFO 1339 --- [bot-funnel-backend] [tomcat-shutdown] o.s.b.w.e.tomcat.GracefulShutdown        : Graceful shutdown complete
2026-06-13T18:23:11.466+03:00  INFO 1339 --- [bot-funnel-backend] [ionShutdownHook] o.s.b.w.e.tomcat.GracefulShutdown        : Commencing graceful shutdown. Waiting for active requests to complete
2026-06-13T18:23:11.468+03:00  INFO 1339 --- [bot-funnel-backend] [tomcat-shutdown] o.s.b.w.e.tomcat.GracefulShutdown        : Graceful shutdown complete
2026-06-13T18:23:11.473+03:00  INFO 1339 --- [bot-funnel-backend] [ionShutdownHook] o.s.b.w.e.tomcat.GracefulShutdown        : Commencing graceful shutdown. Waiting for active requests to complete
2026-06-13T18:23:11.474+03:00  INFO 1339 --- [bot-funnel-backend] [tomcat-shutdown] o.s.b.w.e.tomcat.GracefulShutdown        : Graceful shutdown complete
2026-06-13T18:23:11.482+03:00  INFO 1339 --- [bot-funnel-backend] [ionShutdownHook] o.s.b.w.e.tomcat.GracefulShutdown        : Commencing graceful shutdown. Waiting for active requests to complete
2026-06-13T18:23:11.484+03:00  INFO 1339 --- [bot-funnel-backend] [tomcat-shutdown] o.s.b.w.e.tomcat.GracefulShutdown        : Graceful shutdown complete
2026-06-13T18:23:11.490+03:00  INFO 1339 --- [bot-funnel-backend] [ionShutdownHook] o.s.b.w.e.tomcat.GracefulShutdown        : Commencing graceful shutdown. Waiting for active requests to complete
2026-06-13T18:23:11.491+03:00  INFO 1339 --- [bot-funnel-backend] [tomcat-shutdown] o.s.b.w.e.tomcat.GracefulShutdown        : Graceful shutdown complete
2026-06-13T18:23:11.497+03:00  INFO 1339 --- [bot-funnel-backend] [ionShutdownHook] o.s.b.w.e.tomcat.GracefulShutdown        : Commencing graceful shutdown. Waiting for active requests to complete
2026-06-13T18:23:11.498+03:00  INFO 1339 --- [bot-funnel-backend] [tomcat-shutdown] o.s.b.w.e.tomcat.GracefulShutdown        : Graceful shutdown complete
2026-06-13T18:23:11.503+03:00  INFO 1339 --- [bot-funnel-backend] [ionShutdownHook] o.s.b.w.e.tomcat.GracefulShutdown        : Commencing graceful shutdown. Waiting for active requests to complete
2026-06-13T18:23:11.505+03:00  INFO 1339 --- [bot-funnel-backend] [tomcat-shutdown] o.s.b.w.e.tomcat.GracefulShutdown        : Graceful shutdown complete
2026-06-13T18:23:11.510+03:00  INFO 1339 --- [bot-funnel-backend] [ionShutdownHook] o.s.b.w.e.tomcat.GracefulShutdown        : Commencing graceful shutdown. Waiting for active requests to complete
2026-06-13T18:23:11.511+03:00  INFO 1339 --- [bot-funnel-backend] [tomcat-shutdown] o.s.b.w.e.tomcat.GracefulShutdown        : Graceful shutdown complete
2026-06-13T18:23:11.517+03:00  INFO 1339 --- [bot-funnel-backend] [ionShutdownHook] o.s.b.w.e.tomcat.GracefulShutdown        : Commencing graceful shutdown. Waiting for active requests to complete
2026-06-13T18:23:11.518+03:00  INFO 1339 --- [bot-funnel-backend] [tomcat-shutdown] o.s.b.w.e.tomcat.GracefulShutdown        : Graceful shutdown complete
2026-06-13T18:23:11.523+03:00  INFO 1339 --- [bot-funnel-backend] [ionShutdownHook] o.s.b.w.e.tomcat.GracefulShutdown        : Commencing graceful shutdown. Waiting for active requests to complete
2026-06-13T18:23:11.524+03:00  INFO 1339 --- [bot-funnel-backend] [tomcat-shutdown] o.s.b.w.e.tomcat.GracefulShutdown        : Graceful shutdown complete

> Task :test FAILED

1284 tests completed, 1 failed, 2 skipped

FAILURE: Build failed with an exception.

* What went wrong:
Execution failed for task ':test'.
> There were failing tests. See the report at: file:///Users/pavlokorolov/IdeaProjects/simple-sender/backend/build/reports/tests/test/index.html

* Try:
> Run with --scan to get full insights.

BUILD FAILED in 3m 20s
5 actionable tasks: 2 executed, 3 up-to-date
