┌  Building Nuxt for production...
│
●  Nuxt 4.4.4 (with Nitro 2.13.4, Vite 7.3.2 and Vue 3.5.33)
[nuxt:tailwindcss] ℹ Using Tailwind CSS from ~/assets/css/tailwind.css
│
●  Nitro preset: node-server
ℹ Building client...
ℹ vite v7.3.2 building client environment for production...

 WARN  [plugin nuxt:module-preload-polyfill] Sourcemap is likely to be incorrect: a plugin (nuxt:module-preload-polyfill) was used to transform files, but didn't generate a sourcemap for the transformation. Consult the plugin documentation for help

ℹ transforming...

 WARN  node_modules/.pnpm/@vueuse+core@14.3.0_vue@3.5.33_typescript@5.9.3_/node_modules/@vueuse/core/dist/index.js (3362:0): A comment

"/* #__PURE__ */"

in "node_modules/.pnpm/@vueuse+core@14.3.0_vue@3.5.33_typescript@5.9.3_/node_modules/@vueuse/core/dist/index.js" contains an annotation that Rollup cannot interpret due to the position of the comment. The comment will be removed to avoid issues.


 WARN  node_modules/.pnpm/@vueuse+core@14.3.0_vue@3.5.33_typescript@5.9.3_/node_modules/@vueuse/core/dist/index.js (5780:22): A comment

"/* #__PURE__ */"

in "node_modules/.pnpm/@vueuse+core@14.3.0_vue@3.5.33_typescript@5.9.3_/node_modules/@vueuse/core/dist/index.js" contains an annotation that Rollup cannot interpret due to the position of the comment. The comment will be removed to avoid issues.

ℹ ✓ 2585 modules transformed.
ℹ rendering chunks...
ℹ computing gzip size...
ℹ node_modules/.cache/nuxt/.nuxt/dist/client/manifest.json                  19.07 kB │ gzip:   1.79 kB
ℹ node_modules/.cache/nuxt/.nuxt/dist/client/_nuxt/error-500.BgeSJQ-Z.css    1.91 kB │ gzip:   0.73 kB
ℹ node_modules/.cache/nuxt/.nuxt/dist/client/_nuxt/error-404.BqOJZ5lm.css    2.43 kB │ gzip:   0.86 kB
ℹ node_modules/.cache/nuxt/.nuxt/dist/client/_nuxt/default.-rIbnTok.css     14.93 kB │ gzip:   3.06 kB
ℹ node_modules/.cache/nuxt/.nuxt/dist/client/_nuxt/entry.Dxnlmo7W.css       32.94 kB │ gzip:   6.61 kB
ℹ node_modules/.cache/nuxt/.nuxt/dist/client/_nuxt/BH5R6lUS.js               0.03 kB │ gzip:   0.05 kB
ℹ node_modules/.cache/nuxt/.nuxt/dist/client/_nuxt/cZ35sczi.js               0.06 kB │ gzip:   0.08 kB
ℹ node_modules/.cache/nuxt/.nuxt/dist/client/_nuxt/DlAUqK2U.js               0.09 kB │ gzip:   0.10 kB
ℹ node_modules/.cache/nuxt/.nuxt/dist/client/_nuxt/CllBGDrF.js               0.12 kB │ gzip:   0.12 kB
ℹ node_modules/.cache/nuxt/.nuxt/dist/client/_nuxt/ox_s8fjH.js               0.26 kB │ gzip:   0.18 kB
ℹ node_modules/.cache/nuxt/.nuxt/dist/client/_nuxt/BZpBdj2L.js               0.27 kB │ gzip:   0.17 kB
ℹ node_modules/.cache/nuxt/.nuxt/dist/client/_nuxt/03ubOeYt.js               0.28 kB │ gzip:   0.23 kB
ℹ node_modules/.cache/nuxt/.nuxt/dist/client/_nuxt/3HPOwzbJ.js               0.45 kB │ gzip:   0.29 kB
ℹ node_modules/.cache/nuxt/.nuxt/dist/client/_nuxt/DDA58vXP.js               0.47 kB │ gzip:   0.34 kB
ℹ node_modules/.cache/nuxt/.nuxt/dist/client/_nuxt/CyHkkGTx.js               0.62 kB │ gzip:   0.40 kB
ℹ node_modules/.cache/nuxt/.nuxt/dist/client/_nuxt/DqwzsW2R.js               0.96 kB │ gzip:   0.47 kB
ℹ node_modules/.cache/nuxt/.nuxt/dist/client/_nuxt/DEJ7uTcd.js               1.03 kB │ gzip:   0.62 kB
ℹ node_modules/.cache/nuxt/.nuxt/dist/client/_nuxt/B_K5x_kI.js               1.24 kB │ gzip:   0.65 kB
ℹ node_modules/.cache/nuxt/.nuxt/dist/client/_nuxt/DEFRXRqK.js               1.54 kB │ gzip:   0.80 kB
ℹ node_modules/.cache/nuxt/.nuxt/dist/client/_nuxt/j8yDSjYh.js               1.71 kB │ gzip:   0.64 kB
ℹ node_modules/.cache/nuxt/.nuxt/dist/client/_nuxt/a-rwpIv5.js               1.76 kB │ gzip:   0.85 kB
ℹ node_modules/.cache/nuxt/.nuxt/dist/client/_nuxt/CO9jcq_b.js               2.31 kB │ gzip:   1.10 kB
ℹ node_modules/.cache/nuxt/.nuxt/dist/client/_nuxt/CEZgE4Ta.js               2.67 kB │ gzip:   0.86 kB
ℹ node_modules/.cache/nuxt/.nuxt/dist/client/_nuxt/DoMQ8h87.js               3.43 kB │ gzip:   1.39 kB
ℹ node_modules/.cache/nuxt/.nuxt/dist/client/_nuxt/CYOsd7K-.js               3.44 kB │ gzip:   1.48 kB
ℹ node_modules/.cache/nuxt/.nuxt/dist/client/_nuxt/C1qjz6Td.js               3.45 kB │ gzip:   1.74 kB
ℹ node_modules/.cache/nuxt/.nuxt/dist/client/_nuxt/DmmkiAc_.js               3.48 kB │ gzip:   1.56 kB
ℹ node_modules/.cache/nuxt/.nuxt/dist/client/_nuxt/BADhZH6m.js               3.52 kB │ gzip:   1.47 kB
ℹ node_modules/.cache/nuxt/.nuxt/dist/client/_nuxt/BpzTj_Po.js               3.59 kB │ gzip:   1.71 kB
ℹ node_modules/.cache/nuxt/.nuxt/dist/client/_nuxt/QSK84dwz.js               3.63 kB │ gzip:   1.42 kB
ℹ node_modules/.cache/nuxt/.nuxt/dist/client/_nuxt/DdYItDZ9.js               3.79 kB │ gzip:   1.71 kB
ℹ node_modules/.cache/nuxt/.nuxt/dist/client/_nuxt/ChEPFfVq.js               4.44 kB │ gzip:   1.76 kB
ℹ node_modules/.cache/nuxt/.nuxt/dist/client/_nuxt/DAeQzAx_.js               5.16 kB │ gzip:   1.83 kB
ℹ node_modules/.cache/nuxt/.nuxt/dist/client/_nuxt/FIlbvOtA.js               5.37 kB │ gzip:   2.12 kB
ℹ node_modules/.cache/nuxt/.nuxt/dist/client/_nuxt/CTG5kOgl.js               5.55 kB │ gzip:   2.21 kB
ℹ node_modules/.cache/nuxt/.nuxt/dist/client/_nuxt/CxGPsXAV.js               7.68 kB │ gzip:   2.69 kB
ℹ node_modules/.cache/nuxt/.nuxt/dist/client/_nuxt/B5Y0J3ef.js               8.47 kB │ gzip:   2.79 kB
ℹ node_modules/.cache/nuxt/.nuxt/dist/client/_nuxt/YMTIZXm2.js               9.51 kB │ gzip:   3.34 kB
ℹ node_modules/.cache/nuxt/.nuxt/dist/client/_nuxt/ZPIq9UY3.js              11.77 kB │ gzip:   3.24 kB
ℹ node_modules/.cache/nuxt/.nuxt/dist/client/_nuxt/BV6CwaLW.js              11.84 kB │ gzip:   3.32 kB
ℹ node_modules/.cache/nuxt/.nuxt/dist/client/_nuxt/PsLB26xA.js              16.79 kB │ gzip:   4.94 kB
ℹ node_modules/.cache/nuxt/.nuxt/dist/client/_nuxt/CztarkeA.js              18.50 kB │ gzip:   4.50 kB
ℹ node_modules/.cache/nuxt/.nuxt/dist/client/_nuxt/CIZiyriv.js              22.92 kB │ gzip:   7.59 kB
ℹ node_modules/.cache/nuxt/.nuxt/dist/client/_nuxt/C7ulf4ug.js              38.91 kB │ gzip:  10.15 kB
ℹ node_modules/.cache/nuxt/.nuxt/dist/client/_nuxt/Bq62a3eP.js              52.09 kB │ gzip:  16.58 kB
ℹ node_modules/.cache/nuxt/.nuxt/dist/client/_nuxt/CeTQM6-I.js              70.26 kB │ gzip:  21.88 kB
ℹ node_modules/.cache/nuxt/.nuxt/dist/client/_nuxt/SmbPG3GW.js              76.73 kB │ gzip:  20.31 kB
ℹ node_modules/.cache/nuxt/.nuxt/dist/client/_nuxt/C4Csl25V.js             389.03 kB │ gzip: 127.00 kB
ℹ ✓ built in 6.87s
✔ Client built in 6873ms
ℹ Building server...
ℹ vite v7.3.2 building ssr environment for production...
ℹ transforming...
ℹ ✓ 417 modules transformed.
ℹ rendering chunks...
ℹ ✓ built in 3.44s
✔ Server built in 3452ms
[nitro] ✔ Generated public .output/public
[nitro] ℹ Building Nuxt Nitro server (preset: node-server, compatibility date: 2025-07-01)
[nitro] ✔ Nuxt Nitro server built
  ├─ .output/server/chunks/_/error-500.mjs (5.09 kB) (2.07 kB gzip)
  ├─ .output/server/chunks/_/error-500.mjs.map (322 B) (244 B gzip)
  ├─ .output/server/chunks/build/_funnelId_-CFLuMa13.mjs (84.5 kB) (12.7 kB gzip)
  ├─ .output/server/chunks/build/_funnelId_-CFLuMa13.mjs.map (205 B) (168 B gzip)
  ├─ .output/server/chunks/build/_plugin-vue_export-helper-1tPrXgE0.mjs (254 B) (201 B gzip)
  ├─ .output/server/chunks/build/_plugin-vue_export-helper-1tPrXgE0.mjs.map (225 B) (169 B gzip)
  ├─ .output/server/chunks/build/_subscriberId_-wH6PJpZ3.mjs (92.3 kB) (10.4 kB gzip)
  ├─ .output/server/chunks/build/_subscriberId_-wH6PJpZ3.mjs.map (213 B) (171 B gzip)
  ├─ .output/server/chunks/build/auth-CJPPZ_Y3.mjs (1.8 kB) (804 B gzip)
  ├─ .output/server/chunks/build/auth-CJPPZ_Y3.mjs.map (183 B) (157 B gzip)
  ├─ .output/server/chunks/build/bot-CCYKwquK.mjs (1.88 kB) (675 B gzip)
  ├─ .output/server/chunks/build/bot-CCYKwquK.mjs.map (181 B) (156 B gzip)
  ├─ .output/server/chunks/build/bot-CpfQdc8b.mjs (19 kB) (2.96 kB gzip)
  ├─ .output/server/chunks/build/bot-CpfQdc8b.mjs.map (191 B) (161 B gzip)
  ├─ .output/server/chunks/build/client.precomputed.mjs (37.8 kB) (2.87 kB gzip)
  ├─ .output/server/chunks/build/client.precomputed.mjs.map (188 B) (150 B gzip)
  ├─ .output/server/chunks/build/customFieldDate-B21Yri83.mjs (537 B) (303 B gzip)
  ├─ .output/server/chunks/build/customFieldDate-B21Yri83.mjs.map (205 B) (165 B gzip)
  ├─ .output/server/chunks/build/dashboard-Bm4dpRbY.mjs (4.76 kB) (1.43 kB gzip)
  ├─ .output/server/chunks/build/dashboard-Bm4dpRbY.mjs.map (193 B) (161 B gzip)
  ├─ .output/server/chunks/build/default-DLLXq_vT.mjs (23.2 kB) (3.85 kB gzip)
  ├─ .output/server/chunks/build/default-DLLXq_vT.mjs.map (199 B) (164 B gzip)
  ├─ .output/server/chunks/build/default-styles.EtxTUpjx.mjs (15.1 kB) (3.14 kB gzip)
  ├─ .output/server/chunks/build/default-styles.EtxTUpjx.mjs.map (311 B) (189 B gzip)
  ├─ .output/server/chunks/build/DialogTrigger-BKT0R7AY.mjs (24.5 kB) (2.9 kB gzip)
  ├─ .output/server/chunks/build/DialogTrigger-BKT0R7AY.mjs.map (201 B) (165 B gzip)
  ├─ .output/server/chunks/build/error-404-Bv5iO83J.mjs (6.02 kB) (2.39 kB gzip)
  ├─ .output/server/chunks/build/error-404-Bv5iO83J.mjs.map (193 B) (162 B gzip)
  ├─ .output/server/chunks/build/error-404-styles.B-ZgrzKX.mjs (2.72 kB) (988 B gzip)
  ├─ .output/server/chunks/build/error-404-styles.B-ZgrzKX.mjs.map (317 B) (191 B gzip)
  ├─ .output/server/chunks/build/error-500-styles.xEybiHIq.mjs (2.19 kB) (858 B gzip)
  ├─ .output/server/chunks/build/error-500-styles.xEybiHIq.mjs.map (317 B) (190 B gzip)
  ├─ .output/server/chunks/build/error-500-yyFMaxSG.mjs (5.17 kB) (2.13 kB gzip)
  ├─ .output/server/chunks/build/error-500-yyFMaxSG.mjs.map (193 B) (162 B gzip)
  ├─ .output/server/chunks/build/forgot-password-Cpy1dNUW.mjs (5.8 kB) (1.71 kB gzip)
  ├─ .output/server/chunks/build/forgot-password-Cpy1dNUW.mjs.map (205 B) (164 B gzip)
  ├─ .output/server/chunks/build/funnels-DRYJAFaN.mjs (3.66 kB) (915 B gzip)
  ├─ .output/server/chunks/build/funnels-DRYJAFaN.mjs.map (199 B) (166 B gzip)
  ├─ .output/server/chunks/build/i18n.config-BSpEWffH.mjs (268 B) (195 B gzip)
  ├─ .output/server/chunks/build/i18n.config-BSpEWffH.mjs.map (197 B) (164 B gzip)
  ├─ .output/server/chunks/build/index-BQVOc9wB.mjs (1.9 kB) (852 B gzip)
  ├─ .output/server/chunks/build/index-BQVOc9wB.mjs.map (185 B) (158 B gzip)
  ├─ .output/server/chunks/build/index-C5FhtSpZ.mjs (135 kB) (11.8 kB gzip)
  ├─ .output/server/chunks/build/index-C5FhtSpZ.mjs.map (195 B) (163 B gzip)
  ├─ .output/server/chunks/build/index-CN09lgcp.mjs (92.8 kB) (7.06 kB gzip)
  ├─ .output/server/chunks/build/index-CN09lgcp.mjs.map (195 B) (161 B gzip)
  ├─ .output/server/chunks/build/index-Db-satZ-.mjs (125 kB) (10.7 kB gzip)
  ├─ .output/server/chunks/build/index-Db-satZ-.mjs.map (195 B) (161 B gzip)
  ├─ .output/server/chunks/build/index-DL7e0kYt.mjs (9.4 kB) (2.47 kB gzip)
  ├─ .output/server/chunks/build/index-DL7e0kYt.mjs.map (185 B) (157 B gzip)
  ├─ .output/server/chunks/build/index-Dwyco2H1.mjs (13 kB) (3.12 kB gzip)
  ├─ .output/server/chunks/build/index-Dwyco2H1.mjs.map (195 B) (163 B gzip)
  ├─ .output/server/chunks/build/index-kHE1kffX.mjs (1.53 kB) (698 B gzip)
  ├─ .output/server/chunks/build/index-kHE1kffX.mjs.map (185 B) (158 B gzip)
  ├─ .output/server/chunks/build/index-zJ6UeJkf.mjs (42.6 kB) (5.01 kB gzip)
  ├─ .output/server/chunks/build/index-zJ6UeJkf.mjs.map (195 B) (163 B gzip)
  ├─ .output/server/chunks/build/LangSwitcher-_fiCB8bL.mjs (2.23 kB) (930 B gzip)
  ├─ .output/server/chunks/build/LangSwitcher-_fiCB8bL.mjs.map (199 B) (162 B gzip)
  ├─ .output/server/chunks/build/login-BMAH5RTM.mjs (8.34 kB) (2.21 kB gzip)
  ├─ .output/server/chunks/build/login-BMAH5RTM.mjs.map (195 B) (165 B gzip)
  ├─ .output/server/chunks/build/new-CKWJxHMq.mjs (7.13 kB) (2.04 kB gzip)
  ├─ .output/server/chunks/build/new-CKWJxHMq.mjs.map (181 B) (157 B gzip)
  ├─ .output/server/chunks/build/nuxt-link-s6223BmX.mjs (9.92 kB) (2.54 kB gzip)
  ├─ .output/server/chunks/build/nuxt-link-s6223BmX.mjs.map (226 B) (183 B gzip)
  ├─ .output/server/chunks/build/NuxtLinkLocale-CmXFXqHy.mjs (1.62 kB) (635 B gzip)
  ├─ .output/server/chunks/build/NuxtLinkLocale-CmXFXqHy.mjs.map (203 B) (165 B gzip)
  ├─ .output/server/chunks/build/profile-sMi-iYX8.mjs (18.4 kB) (3.27 kB gzip)
  ├─ .output/server/chunks/build/profile-sMi-iYX8.mjs.map (189 B) (157 B gzip)
  ├─ .output/server/chunks/build/register-ZHM6yKa7.mjs (7.93 kB) (2.09 kB gzip)
  ├─ .output/server/chunks/build/register-ZHM6yKa7.mjs.map (191 B) (160 B gzip)
  ├─ .output/server/chunks/build/reset-password-D7fQUp9A.mjs (7.81 kB) (2.19 kB gzip)
  ├─ .output/server/chunks/build/reset-password-D7fQUp9A.mjs.map (213 B) (170 B gzip)
  ├─ .output/server/chunks/build/server.mjs (1.77 MB) (371 kB gzip)
  ├─ .output/server/chunks/build/server.mjs.map (269 B) (187 B gzip)
  ├─ .output/server/chunks/build/SettingsSubnav-CPwZTZEr.mjs (3.84 kB) (1.21 kB gzip)
  ├─ .output/server/chunks/build/SettingsSubnav-CPwZTZEr.mjs.map (213 B) (171 B gzip)
  ├─ .output/server/chunks/build/styles.mjs (1.43 kB) (424 B gzip)
  ├─ .output/server/chunks/build/styles.mjs.map (164 B) (142 B gzip)
  ├─ .output/server/chunks/build/subscriberStatus-d7JKIMZW.mjs (453 B) (265 B gzip)
  ├─ .output/server/chunks/build/subscriberStatus-d7JKIMZW.mjs.map (207 B) (167 B gzip)
  ├─ .output/server/chunks/build/TableHeader-XGRgz-uM.mjs (10.9 kB) (1.7 kB gzip)
  ├─ .output/server/chunks/build/TableHeader-XGRgz-uM.mjs.map (197 B) (163 B gzip)
  ├─ .output/server/chunks/build/TimezonePicker-DVcXOkDQ.mjs (5.55 kB) (1.85 kB gzip)
  ├─ .output/server/chunks/build/TimezonePicker-DVcXOkDQ.mjs.map (203 B) (165 B gzip)
  ├─ .output/server/chunks/build/useApiError-BnM0S-LM.mjs (923 B) (436 B gzip)
  ├─ .output/server/chunks/build/useApiError-BnM0S-LM.mjs.map (197 B) (161 B gzip)
  ├─ .output/server/chunks/build/verify-email-Ou3Mv5Yh.mjs (9.28 kB) (2.43 kB gzip)
  ├─ .output/server/chunks/build/verify-email-Ou3Mv5Yh.mjs.map (209 B) (168 B gzip)
  ├─ .output/server/chunks/nitro/nitro.mjs (183 kB) (45.8 kB gzip)
  ├─ .output/server/chunks/nitro/nitro.mjs.map (5.84 kB) (1.15 kB gzip)
  ├─ .output/server/chunks/routes/renderer.mjs (15.6 kB) (4.8 kB gzip)
  ├─ .output/server/chunks/routes/renderer.mjs.map (1.89 kB) (402 B gzip)
  ├─ .output/server/chunks/virtual/_virtual_spa-template.mjs (94 B) (100 B gzip)
  ├─ .output/server/chunks/virtual/_virtual_spa-template.mjs.map (90 B) (98 B gzip)
  ├─ .output/server/index.mjs (353 B) (205 B gzip)
  └─ .output/server/package.json (1.7 kB) (639 B gzip)
Σ Total size: 8.46 MB (2 MB gzip)
[nitro] ✔ You can preview this build using node .output/server/index.mjs
│
└  ✨ Build complete!
